Archive member included to satisfy reference by file (symbol)

d:/atmel/7.0/toolchain/avr8/avr8-gnu-toolchain/bin/../lib/gcc/avr/5.4.0/../../../../avr/lib/avr5\libm.a(addsf3.o)
                              TX/Hal/lcd.o (__subsf3)
d:/atmel/7.0/toolchain/avr8/avr8-gnu-toolchain/bin/../lib/gcc/avr/5.4.0/../../../../avr/lib/avr5\libm.a(addsf3x.o)
                              d:/atmel/7.0/toolchain/avr8/avr8-gnu-toolchain/bin/../lib/gcc/avr/5.4.0/../../../../avr/lib/avr5\libm.a(addsf3.o) (__addsf3x)
d:/atmel/7.0/toolchain/avr8/avr8-gnu-toolchain/bin/../lib/gcc/avr/5.4.0/../../../../avr/lib/avr5\libm.a(fixunssfsi.o)
                              TX/Hal/lcd.o (__fixunssfsi)
d:/atmel/7.0/toolchain/avr8/avr8-gnu-toolchain/bin/../lib/gcc/avr/5.4.0/../../../../avr/lib/avr5\libm.a(floatsisf.o)
                              TX/Hal/lcd.o (__floatsisf)
d:/atmel/7.0/toolchain/avr8/avr8-gnu-toolchain/bin/../lib/gcc/avr/5.4.0/../../../../avr/lib/avr5\libm.a(fp_inf.o)
                              d:/atmel/7.0/toolchain/avr8/avr8-gnu-toolchain/bin/../lib/gcc/avr/5.4.0/../../../../avr/lib/avr5\libm.a(addsf3x.o) (__fp_inf)
d:/atmel/7.0/toolchain/avr8/avr8-gnu-toolchain/bin/../lib/gcc/avr/5.4.0/../../../../avr/lib/avr5\libm.a(fp_nan.o)
                              d:/atmel/7.0/toolchain/avr8/avr8-gnu-toolchain/bin/../lib/gcc/avr/5.4.0/../../../../avr/lib/avr5\libm.a(addsf3x.o) (__fp_nan)
d:/atmel/7.0/toolchain/avr8/avr8-gnu-toolchain/bin/../lib/gcc/avr/5.4.0/../../../../avr/lib/avr5\libm.a(fp_pscA.o)
                              d:/atmel/7.0/toolchain/avr8/avr8-gnu-toolchain/bin/../lib/gcc/avr/5.4.0/../../../../avr/lib/avr5\libm.a(addsf3x.o) (__fp_pscA)
d:/atmel/7.0/toolchain/avr8/avr8-gnu-toolchain/bin/../lib/gcc/avr/5.4.0/../../../../avr/lib/avr5\libm.a(fp_pscB.o)
                              d:/atmel/7.0/toolchain/avr8/avr8-gnu-toolchain/bin/../lib/gcc/avr/5.4.0/../../../../avr/lib/avr5\libm.a(addsf3x.o) (__fp_pscB)
d:/atmel/7.0/toolchain/avr8/avr8-gnu-toolchain/bin/../lib/gcc/avr/5.4.0/../../../../avr/lib/avr5\libm.a(fp_round.o)
                              d:/atmel/7.0/toolchain/avr8/avr8-gnu-toolchain/bin/../lib/gcc/avr/5.4.0/../../../../avr/lib/avr5\libm.a(addsf3.o) (__fp_round)
d:/atmel/7.0/toolchain/avr8/avr8-gnu-toolchain/bin/../lib/gcc/avr/5.4.0/../../../../avr/lib/avr5\libm.a(fp_split3.o)
                              d:/atmel/7.0/toolchain/avr8/avr8-gnu-toolchain/bin/../lib/gcc/avr/5.4.0/../../../../avr/lib/avr5\libm.a(addsf3x.o) (__fp_split3)
d:/atmel/7.0/toolchain/avr8/avr8-gnu-toolchain/bin/../lib/gcc/avr/5.4.0/../../../../avr/lib/avr5\libm.a(fp_zero.o)
                              d:/atmel/7.0/toolchain/avr8/avr8-gnu-toolchain/bin/../lib/gcc/avr/5.4.0/../../../../avr/lib/avr5\libm.a(addsf3x.o) (__fp_zero)
d:/atmel/7.0/toolchain/avr8/avr8-gnu-toolchain/bin/../lib/gcc/avr/5.4.0/../../../../avr/lib/avr5\libm.a(mulsf3.o)
                              TX/Hal/lcd.o (__mulsf3)
d:/atmel/7.0/toolchain/avr8/avr8-gnu-toolchain/bin/../lib/gcc/avr/5.4.0/../../../../avr/lib/avr5\libm.a(mulsf3x.o)
                              d:/atmel/7.0/toolchain/avr8/avr8-gnu-toolchain/bin/../lib/gcc/avr/5.4.0/../../../../avr/lib/avr5\libm.a(mulsf3.o) (__mulsf3x)
d:/atmel/7.0/toolchain/avr8/avr8-gnu-toolchain/bin/../lib/gcc/avr/5.4.0/avr5\libgcc.a(_mulsi3.o)
                              main.o (__mulsi3)
d:/atmel/7.0/toolchain/avr8/avr8-gnu-toolchain/bin/../lib/gcc/avr/5.4.0/avr5\libgcc.a(_divmodsi4.o)
                              TX/Hal/lcd.o (__divmodsi4)
d:/atmel/7.0/toolchain/avr8/avr8-gnu-toolchain/bin/../lib/gcc/avr/5.4.0/avr5\libgcc.a(_negsi2.o)
                              d:/atmel/7.0/toolchain/avr8/avr8-gnu-toolchain/bin/../lib/gcc/avr/5.4.0/avr5\libgcc.a(_divmodsi4.o) (__negsi2)
d:/atmel/7.0/toolchain/avr8/avr8-gnu-toolchain/bin/../lib/gcc/avr/5.4.0/avr5\libgcc.a(_exit.o)
                              D:/Atmel/7.0/Packs/atmel/ATmega_DFP/1.7.374/gcc/dev/atmega32/avr5/crtatmega32.o (exit)
d:/atmel/7.0/toolchain/avr8/avr8-gnu-toolchain/bin/../lib/gcc/avr/5.4.0/avr5\libgcc.a(_copy_data.o)
                              main.o (__do_copy_data)
d:/atmel/7.0/toolchain/avr8/avr8-gnu-toolchain/bin/../lib/gcc/avr/5.4.0/avr5\libgcc.a(_clear_bss.o)
                              main.o (__do_clear_bss)
d:/atmel/7.0/toolchain/avr8/avr8-gnu-toolchain/bin/../lib/gcc/avr/5.4.0/avr5\libgcc.a(_umulhisi3.o)
                              TX/Hal/lcd.o (__umulhisi3)
d:/atmel/7.0/toolchain/avr8/avr8-gnu-toolchain/bin/../lib/gcc/avr/5.4.0/avr5\libgcc.a(_muluhisi3.o)
                              d:/atmel/7.0/toolchain/avr8/avr8-gnu-toolchain/bin/../lib/gcc/avr/5.4.0/avr5\libgcc.a(_mulsi3.o) (__muluhisi3)
d:/atmel/7.0/toolchain/avr8/avr8-gnu-toolchain/bin/../lib/gcc/avr/5.4.0/avr5\libgcc.a(_udivmodsi4.o)
                              d:/atmel/7.0/toolchain/avr8/avr8-gnu-toolchain/bin/../lib/gcc/avr/5.4.0/avr5\libgcc.a(_divmodsi4.o) (__udivmodsi4)
d:/atmel/7.0/toolchain/avr8/avr8-gnu-toolchain/bin/../lib/gcc/avr/5.4.0/../../../../avr/lib/avr5\libc.a(strtol.o)
                              main.o (strtol)
d:/atmel/7.0/toolchain/avr8/avr8-gnu-toolchain/bin/../lib/gcc/avr/5.4.0/../../../../avr/lib/avr5\libc.a(isspace.o)
                              d:/atmel/7.0/toolchain/avr8/avr8-gnu-toolchain/bin/../lib/gcc/avr/5.4.0/../../../../avr/lib/avr5\libc.a(strtol.o) (isspace)
d:/atmel/7.0/toolchain/avr8/avr8-gnu-toolchain/bin/../lib/gcc/avr/5.4.0/../../../../avr/lib/avr5\libc.a(printf.o)
                              main.o (printf)
d:/atmel/7.0/toolchain/avr8/avr8-gnu-toolchain/bin/../lib/gcc/avr/5.4.0/../../../../avr/lib/avr5\libc.a(sprintf.o)
                              TX/Hal/lcd.o (sprintf)
d:/atmel/7.0/toolchain/avr8/avr8-gnu-toolchain/bin/../lib/gcc/avr/5.4.0/../../../../avr/lib/avr5\libc.a(vfprintf_std.o)
                              d:/atmel/7.0/toolchain/avr8/avr8-gnu-toolchain/bin/../lib/gcc/avr/5.4.0/../../../../avr/lib/avr5\libc.a(printf.o) (vfprintf)
d:/atmel/7.0/toolchain/avr8/avr8-gnu-toolchain/bin/../lib/gcc/avr/5.4.0/../../../../avr/lib/avr5\libc.a(errno.o)
                              d:/atmel/7.0/toolchain/avr8/avr8-gnu-toolchain/bin/../lib/gcc/avr/5.4.0/../../../../avr/lib/avr5\libc.a(strtol.o) (errno)
d:/atmel/7.0/toolchain/avr8/avr8-gnu-toolchain/bin/../lib/gcc/avr/5.4.0/../../../../avr/lib/avr5\libc.a(cty_isfalse.o)
                              d:/atmel/7.0/toolchain/avr8/avr8-gnu-toolchain/bin/../lib/gcc/avr/5.4.0/../../../../avr/lib/avr5\libc.a(isspace.o) (__ctype_isfalse)
d:/atmel/7.0/toolchain/avr8/avr8-gnu-toolchain/bin/../lib/gcc/avr/5.4.0/../../../../avr/lib/avr5\libc.a(strnlen_P.o)
                              d:/atmel/7.0/toolchain/avr8/avr8-gnu-toolchain/bin/../lib/gcc/avr/5.4.0/../../../../avr/lib/avr5\libc.a(vfprintf_std.o) (strnlen_P)
d:/atmel/7.0/toolchain/avr8/avr8-gnu-toolchain/bin/../lib/gcc/avr/5.4.0/../../../../avr/lib/avr5\libc.a(strnlen.o)
                              d:/atmel/7.0/toolchain/avr8/avr8-gnu-toolchain/bin/../lib/gcc/avr/5.4.0/../../../../avr/lib/avr5\libc.a(vfprintf_std.o) (strnlen)
d:/atmel/7.0/toolchain/avr8/avr8-gnu-toolchain/bin/../lib/gcc/avr/5.4.0/../../../../avr/lib/avr5\libc.a(fputc.o)
                              d:/atmel/7.0/toolchain/avr8/avr8-gnu-toolchain/bin/../lib/gcc/avr/5.4.0/../../../../avr/lib/avr5\libc.a(vfprintf_std.o) (fputc)
d:/atmel/7.0/toolchain/avr8/avr8-gnu-toolchain/bin/../lib/gcc/avr/5.4.0/../../../../avr/lib/avr5\libc.a(iob.o)
                              d:/atmel/7.0/toolchain/avr8/avr8-gnu-toolchain/bin/../lib/gcc/avr/5.4.0/../../../../avr/lib/avr5\libc.a(printf.o) (__iob)
d:/atmel/7.0/toolchain/avr8/avr8-gnu-toolchain/bin/../lib/gcc/avr/5.4.0/../../../../avr/lib/avr5\libc.a(ultoa_invert.o)
                              d:/atmel/7.0/toolchain/avr8/avr8-gnu-toolchain/bin/../lib/gcc/avr/5.4.0/../../../../avr/lib/avr5\libc.a(vfprintf_std.o) (__ultoa_invert)
d:/atmel/7.0/toolchain/avr8/avr8-gnu-toolchain/bin/../lib/gcc/avr/5.4.0/avr5\libgcc.a(_prologue.o)
                              d:/atmel/7.0/toolchain/avr8/avr8-gnu-toolchain/bin/../lib/gcc/avr/5.4.0/../../../../avr/lib/avr5\libc.a(strtol.o) (__prologue_saves__)
d:/atmel/7.0/toolchain/avr8/avr8-gnu-toolchain/bin/../lib/gcc/avr/5.4.0/avr5\libgcc.a(_epilogue.o)
                              d:/atmel/7.0/toolchain/avr8/avr8-gnu-toolchain/bin/../lib/gcc/avr/5.4.0/../../../../avr/lib/avr5\libc.a(strtol.o) (__epilogue_restores__)

Allocating common symbols
Common symbol       size              file

u8_g_TX_STR         0x14              TX/Mcal/uart.o
u8_g_RX_STR         0x14              TX/Mcal/uart.o
errno               0x2               d:/atmel/7.0/toolchain/avr8/avr8-gnu-toolchain/bin/../lib/gcc/avr/5.4.0/../../../../avr/lib/avr5\libc.a(errno.o)
Pu8_g_RX_STR        0x2               TX/Mcal/uart.o
Pu8_g_TX_STR        0x2               TX/Mcal/uart.o
data                0x64              main.o
__iob               0x6               d:/atmel/7.0/toolchain/avr8/avr8-gnu-toolchain/bin/../lib/gcc/avr/5.4.0/../../../../avr/lib/avr5\libc.a(iob.o)

Discarded input sections

 .data          0x00000000        0x0 D:/Atmel/7.0/Packs/atmel/ATmega_DFP/1.7.374/gcc/dev/atmega32/avr5/crtatmega32.o
 .bss           0x00000000        0x0 D:/Atmel/7.0/Packs/atmel/ATmega_DFP/1.7.374/gcc/dev/atmega32/avr5/crtatmega32.o
 .text          0x00000000        0x0 main.o
 .data          0x00000000        0x0 main.o
 .bss           0x00000000        0x0 main.o
 .bss.flag      0x00000000        0x1 main.o
 .data.service_rec
                0x00000000        0x2 main.o
 .text          0x00000000        0x0 TX/Hal/lcd.o
 .data          0x00000000        0x0 TX/Hal/lcd.o
 .bss           0x00000000        0x0 TX/Hal/lcd.o
 .text.LCD_WriteNumber
                0x00000000       0xc2 TX/Hal/lcd.o
 .text.LCD_WriteBinary
                0x00000000       0x2e TX/Hal/lcd.o
 .text.LCD_ClearLoc
                0x00000000       0x20 TX/Hal/lcd.o
 .text.LCD_WriteNumber_3D
                0x00000000      0x142 TX/Hal/lcd.o
 .text.LCD_CustomChar
                0x00000000       0x3a TX/Hal/lcd.o
 .text.LCD_PinsInit
                0x00000000       0x42 TX/Hal/lcd.o
 .text.LCD_DisplayFloat
                0x00000000      0x122 TX/Hal/lcd.o
 .text          0x00000000        0x0 TX/Lib/stack.o
 .data          0x00000000        0x0 TX/Lib/stack.o
 .bss           0x00000000        0x0 TX/Lib/stack.o
 .text.createEmptyStack
                0x00000000        0x8 TX/Lib/stack.o
 .text.push     0x00000000       0x1e TX/Lib/stack.o
 .text.pop      0x00000000       0x26 TX/Lib/stack.o
 .rodata.str1.1
                0x00000000        0xa TX/Lib/stack.o
 .text.printStack
                0x00000000       0x6c TX/Lib/stack.o
 .text.getStackTop
                0x00000000       0x1e TX/Lib/stack.o
 .text.isEmpty  0x00000000        0x4 TX/Lib/stack.o
 .text.isFull   0x00000000        0x4 TX/Lib/stack.o
 .debug_info    0x00000000      0x325 TX/Lib/stack.o
 .debug_abbrev  0x00000000      0x1a7 TX/Lib/stack.o
 .debug_loc     0x00000000      0x268 TX/Lib/stack.o
 .debug_aranges
                0x00000000       0x50 TX/Lib/stack.o
 .debug_ranges  0x00000000       0x40 TX/Lib/stack.o
 .debug_line    0x00000000      0x17f TX/Lib/stack.o
 .debug_str     0x00000000      0x22a TX/Lib/stack.o
 .comment       0x00000000       0x31 TX/Lib/stack.o
 .debug_frame   0x00000000       0xb0 TX/Lib/stack.o
 .text          0x00000000        0x0 TX/Lib/UART_Service.o
 .data          0x00000000        0x0 TX/Lib/UART_Service.o
 .bss           0x00000000        0x0 TX/Lib/UART_Service.o
 .text.UART_SendString
                0x00000000       0x26 TX/Lib/UART_Service.o
 .text.UART_SendNumber
                0x00000000       0x3a TX/Lib/UART_Service.o
 .text.UART_ReceiveString
                0x00000000       0x32 TX/Lib/UART_Service.o
 .text.UART_RecieveNumber
                0x00000000       0xb2 TX/Lib/UART_Service.o
 .text.endian_check
                0x00000000        0x4 TX/Lib/UART_Service.o
 .text.endian_convert
                0x00000000       0x8c TX/Lib/UART_Service.o
 .text.endian_convert16
                0x00000000        0x8 TX/Lib/UART_Service.o
 .text.UART_SendStringCheckSum
                0x00000000       0x58 TX/Lib/UART_Service.o
 .text.UART_ReceiveStringCheckSum
                0x00000000       0xc0 TX/Lib/UART_Service.o
 .debug_info    0x00000000      0x5be TX/Lib/UART_Service.o
 .debug_abbrev  0x00000000      0x147 TX/Lib/UART_Service.o
 .debug_loc     0x00000000      0x5e8 TX/Lib/UART_Service.o
 .debug_aranges
                0x00000000       0x60 TX/Lib/UART_Service.o
 .debug_ranges  0x00000000       0x50 TX/Lib/UART_Service.o
 .debug_line    0x00000000      0x2d9 TX/Lib/UART_Service.o
 .debug_str     0x00000000      0x2b1 TX/Lib/UART_Service.o
 .comment       0x00000000       0x31 TX/Lib/UART_Service.o
 .debug_frame   0x00000000      0x15c TX/Lib/UART_Service.o
 .text          0x00000000        0x0 TX/Mcal/dio.o
 .data          0x00000000        0x0 TX/Mcal/dio.o
 .bss           0x00000000        0x0 TX/Mcal/dio.o
 .text.DIO_readpin
                0x00000000       0x8e TX/Mcal/dio.o
 .text.DIO_togglepin
                0x00000000       0x8e TX/Mcal/dio.o
 .text.DIO_WritePort
                0x00000000       0x34 TX/Mcal/dio.o
 .text          0x00000000        0x0 TX/Mcal/dio_cfg.o
 .data          0x00000000        0x0 TX/Mcal/dio_cfg.o
 .bss           0x00000000        0x0 TX/Mcal/dio_cfg.o
 .text          0x00000000        0x0 TX/Mcal/exi.o
 .data          0x00000000        0x0 TX/Mcal/exi.o
 .bss           0x00000000        0x0 TX/Mcal/exi.o
 .text.EXI_Enable
                0x00000000       0x24 TX/Mcal/exi.o
 .text.EXI_Disable
                0x00000000       0x24 TX/Mcal/exi.o
 .text.EXI_TriggerEdge
                0x00000000       0xc0 TX/Mcal/exi.o
 .text.EXI_Init
                0x00000000       0x1a TX/Mcal/exi.o
 .text.EXI_SetCallBack
                0x00000000       0x2a TX/Mcal/exi.o
 .text          0x00000000        0x0 TX/Mcal/uart.o
 .data          0x00000000        0x0 TX/Mcal/uart.o
 .bss           0x00000000        0x0 TX/Mcal/uart.o
 .text.UART_SendByte
                0x00000000        0x8 TX/Mcal/uart.o
 .text.UART_SendByteNoBlock
                0x00000000        0x4 TX/Mcal/uart.o
 .text.UART_RX_InterruptDisable
                0x00000000        0x8 TX/Mcal/uart.o
 .text.UART_RecieveByte
                0x00000000        0xc TX/Mcal/uart.o
 .text.UART_ReceivePerodic
                0x00000000       0x12 TX/Mcal/uart.o
 .text.UART_TX_InterruptEnable
                0x00000000        0x8 TX/Mcal/uart.o
 .text.UART_TX_InterruptDisable
                0x00000000        0x8 TX/Mcal/uart.o
 .text.UART_TX_SetCallBack
                0x00000000        0xa TX/Mcal/uart.o
 .text.UART_ReceiveStringAshync
                0x00000000       0x3e TX/Mcal/uart.o
 .text.UART_RX_FUN_V2
                0x00000000       0x20 TX/Mcal/uart.o
 .text.UART_TX_FUN
                0x00000000       0x2e TX/Mcal/uart.o
 .text.UART_SendStringAshync
                0x00000000       0x1a TX/Mcal/uart.o
 .text.UART_TX_FUN_V3
                0x00000000        0x8 TX/Mcal/uart.o
 .text.UART_SendStringRunnable
                0x00000000       0x32 TX/Mcal/uart.o
 .text.UART_SendStringAshync_V3
                0x00000000       0x4a TX/Mcal/uart.o
 .text.UART_SendStringSetter
                0x00000000        0xa TX/Mcal/uart.o
 .bss.i.1969    0x00000000        0x1 TX/Mcal/uart.o
 .bss.i.1964    0x00000000        0x1 TX/Mcal/uart.o
 .data.i.1954   0x00000000        0x1 TX/Mcal/uart.o
 .bss.i.1949    0x00000000        0x1 TX/Mcal/uart.o
 .bss.i.1932    0x00000000        0x1 TX/Mcal/uart.o
 .data.TX_falg  0x00000000        0x1 TX/Mcal/uart.o
 .text          0x00000000        0x0 TX/Mcal/uart_cfg.o
 .data          0x00000000        0x0 TX/Mcal/uart_cfg.o
 .bss           0x00000000        0x0 TX/Mcal/uart_cfg.o
 .text          0x00000000        0x0 d:/atmel/7.0/toolchain/avr8/avr8-gnu-toolchain/bin/../lib/gcc/avr/5.4.0/../../../../avr/lib/avr5\libm.a(addsf3.o)
 .data          0x00000000        0x0 d:/atmel/7.0/toolchain/avr8/avr8-gnu-toolchain/bin/../lib/gcc/avr/5.4.0/../../../../avr/lib/avr5\libm.a(addsf3.o)
 .bss           0x00000000        0x0 d:/atmel/7.0/toolchain/avr8/avr8-gnu-toolchain/bin/../lib/gcc/avr/5.4.0/../../../../avr/lib/avr5\libm.a(addsf3.o)
 .text.avr-libc.fplib
                0x00000000        0xe d:/atmel/7.0/toolchain/avr8/avr8-gnu-toolchain/bin/../lib/gcc/avr/5.4.0/../../../../avr/lib/avr5\libm.a(addsf3.o)
 .text          0x00000000        0x0 d:/atmel/7.0/toolchain/avr8/avr8-gnu-toolchain/bin/../lib/gcc/avr/5.4.0/../../../../avr/lib/avr5\libm.a(addsf3x.o)
 .data          0x00000000        0x0 d:/atmel/7.0/toolchain/avr8/avr8-gnu-toolchain/bin/../lib/gcc/avr/5.4.0/../../../../avr/lib/avr5\libm.a(addsf3x.o)
 .bss           0x00000000        0x0 d:/atmel/7.0/toolchain/avr8/avr8-gnu-toolchain/bin/../lib/gcc/avr/5.4.0/../../../../avr/lib/avr5\libm.a(addsf3x.o)
 .text.avr-libc.fplib
                0x00000000       0xcc d:/atmel/7.0/toolchain/avr8/avr8-gnu-toolchain/bin/../lib/gcc/avr/5.4.0/../../../../avr/lib/avr5\libm.a(addsf3x.o)
 .text          0x00000000        0x0 d:/atmel/7.0/toolchain/avr8/avr8-gnu-toolchain/bin/../lib/gcc/avr/5.4.0/../../../../avr/lib/avr5\libm.a(fixunssfsi.o)
 .data          0x00000000        0x0 d:/atmel/7.0/toolchain/avr8/avr8-gnu-toolchain/bin/../lib/gcc/avr/5.4.0/../../../../avr/lib/avr5\libm.a(fixunssfsi.o)
 .bss           0x00000000        0x0 d:/atmel/7.0/toolchain/avr8/avr8-gnu-toolchain/bin/../lib/gcc/avr/5.4.0/../../../../avr/lib/avr5\libm.a(fixunssfsi.o)
 .text.avr-libc.fplib
                0x00000000       0x5e d:/atmel/7.0/toolchain/avr8/avr8-gnu-toolchain/bin/../lib/gcc/avr/5.4.0/../../../../avr/lib/avr5\libm.a(fixunssfsi.o)
 .text          0x00000000        0x0 d:/atmel/7.0/toolchain/avr8/avr8-gnu-toolchain/bin/../lib/gcc/avr/5.4.0/../../../../avr/lib/avr5\libm.a(floatsisf.o)
 .data          0x00000000        0x0 d:/atmel/7.0/toolchain/avr8/avr8-gnu-toolchain/bin/../lib/gcc/avr/5.4.0/../../../../avr/lib/avr5\libm.a(floatsisf.o)
 .bss           0x00000000        0x0 d:/atmel/7.0/toolchain/avr8/avr8-gnu-toolchain/bin/../lib/gcc/avr/5.4.0/../../../../avr/lib/avr5\libm.a(floatsisf.o)
 .text.avr-libc.fplib
                0x00000000       0x7a d:/atmel/7.0/toolchain/avr8/avr8-gnu-toolchain/bin/../lib/gcc/avr/5.4.0/../../../../avr/lib/avr5\libm.a(floatsisf.o)
 .text          0x00000000        0x0 d:/atmel/7.0/toolchain/avr8/avr8-gnu-toolchain/bin/../lib/gcc/avr/5.4.0/../../../../avr/lib/avr5\libm.a(fp_inf.o)
 .data          0x00000000        0x0 d:/atmel/7.0/toolchain/avr8/avr8-gnu-toolchain/bin/../lib/gcc/avr/5.4.0/../../../../avr/lib/avr5\libm.a(fp_inf.o)
 .bss           0x00000000        0x0 d:/atmel/7.0/toolchain/avr8/avr8-gnu-toolchain/bin/../lib/gcc/avr/5.4.0/../../../../avr/lib/avr5\libm.a(fp_inf.o)
 .text.avr-libc.fplib
                0x00000000        0xc d:/atmel/7.0/toolchain/avr8/avr8-gnu-toolchain/bin/../lib/gcc/avr/5.4.0/../../../../avr/lib/avr5\libm.a(fp_inf.o)
 .text          0x00000000        0x0 d:/atmel/7.0/toolchain/avr8/avr8-gnu-toolchain/bin/../lib/gcc/avr/5.4.0/../../../../avr/lib/avr5\libm.a(fp_nan.o)
 .data          0x00000000        0x0 d:/atmel/7.0/toolchain/avr8/avr8-gnu-toolchain/bin/../lib/gcc/avr/5.4.0/../../../../avr/lib/avr5\libm.a(fp_nan.o)
 .bss           0x00000000        0x0 d:/atmel/7.0/toolchain/avr8/avr8-gnu-toolchain/bin/../lib/gcc/avr/5.4.0/../../../../avr/lib/avr5\libm.a(fp_nan.o)
 .text.avr-libc.fplib
                0x00000000        0x6 d:/atmel/7.0/toolchain/avr8/avr8-gnu-toolchain/bin/../lib/gcc/avr/5.4.0/../../../../avr/lib/avr5\libm.a(fp_nan.o)
 .text          0x00000000        0x0 d:/atmel/7.0/toolchain/avr8/avr8-gnu-toolchain/bin/../lib/gcc/avr/5.4.0/../../../../avr/lib/avr5\libm.a(fp_pscA.o)
 .data          0x00000000        0x0 d:/atmel/7.0/toolchain/avr8/avr8-gnu-toolchain/bin/../lib/gcc/avr/5.4.0/../../../../avr/lib/avr5\libm.a(fp_pscA.o)
 .bss           0x00000000        0x0 d:/atmel/7.0/toolchain/avr8/avr8-gnu-toolchain/bin/../lib/gcc/avr/5.4.0/../../../../avr/lib/avr5\libm.a(fp_pscA.o)
 .text.avr-libc.fplib
                0x00000000        0xe d:/atmel/7.0/toolchain/avr8/avr8-gnu-toolchain/bin/../lib/gcc/avr/5.4.0/../../../../avr/lib/avr5\libm.a(fp_pscA.o)
 .text          0x00000000        0x0 d:/atmel/7.0/toolchain/avr8/avr8-gnu-toolchain/bin/../lib/gcc/avr/5.4.0/../../../../avr/lib/avr5\libm.a(fp_pscB.o)
 .data          0x00000000        0x0 d:/atmel/7.0/toolchain/avr8/avr8-gnu-toolchain/bin/../lib/gcc/avr/5.4.0/../../../../avr/lib/avr5\libm.a(fp_pscB.o)
 .bss           0x00000000        0x0 d:/atmel/7.0/toolchain/avr8/avr8-gnu-toolchain/bin/../lib/gcc/avr/5.4.0/../../../../avr/lib/avr5\libm.a(fp_pscB.o)
 .text.avr-libc.fplib
                0x00000000        0xe d:/atmel/7.0/toolchain/avr8/avr8-gnu-toolchain/bin/../lib/gcc/avr/5.4.0/../../../../avr/lib/avr5\libm.a(fp_pscB.o)
 .text          0x00000000        0x0 d:/atmel/7.0/toolchain/avr8/avr8-gnu-toolchain/bin/../lib/gcc/avr/5.4.0/../../../../avr/lib/avr5\libm.a(fp_round.o)
 .data          0x00000000        0x0 d:/atmel/7.0/toolchain/avr8/avr8-gnu-toolchain/bin/../lib/gcc/avr/5.4.0/../../../../avr/lib/avr5\libm.a(fp_round.o)
 .bss           0x00000000        0x0 d:/atmel/7.0/toolchain/avr8/avr8-gnu-toolchain/bin/../lib/gcc/avr/5.4.0/../../../../avr/lib/avr5\libm.a(fp_round.o)
 .text.avr-libc.fplib
                0x00000000       0x22 d:/atmel/7.0/toolchain/avr8/avr8-gnu-toolchain/bin/../lib/gcc/avr/5.4.0/../../../../avr/lib/avr5\libm.a(fp_round.o)
 .text          0x00000000        0x0 d:/atmel/7.0/toolchain/avr8/avr8-gnu-toolchain/bin/../lib/gcc/avr/5.4.0/../../../../avr/lib/avr5\libm.a(fp_split3.o)
 .data          0x00000000        0x0 d:/atmel/7.0/toolchain/avr8/avr8-gnu-toolchain/bin/../lib/gcc/avr/5.4.0/../../../../avr/lib/avr5\libm.a(fp_split3.o)
 .bss           0x00000000        0x0 d:/atmel/7.0/toolchain/avr8/avr8-gnu-toolchain/bin/../lib/gcc/avr/5.4.0/../../../../avr/lib/avr5\libm.a(fp_split3.o)
 .text.avr-libc.fplib
                0x00000000       0x44 d:/atmel/7.0/toolchain/avr8/avr8-gnu-toolchain/bin/../lib/gcc/avr/5.4.0/../../../../avr/lib/avr5\libm.a(fp_split3.o)
 .text          0x00000000        0x0 d:/atmel/7.0/toolchain/avr8/avr8-gnu-toolchain/bin/../lib/gcc/avr/5.4.0/../../../../avr/lib/avr5\libm.a(fp_zero.o)
 .data          0x00000000        0x0 d:/atmel/7.0/toolchain/avr8/avr8-gnu-toolchain/bin/../lib/gcc/avr/5.4.0/../../../../avr/lib/avr5\libm.a(fp_zero.o)
 .bss           0x00000000        0x0 d:/atmel/7.0/toolchain/avr8/avr8-gnu-toolchain/bin/../lib/gcc/avr/5.4.0/../../../../avr/lib/avr5\libm.a(fp_zero.o)
 .text.avr-libc.fplib
                0x00000000        0xe d:/atmel/7.0/toolchain/avr8/avr8-gnu-toolchain/bin/../lib/gcc/avr/5.4.0/../../../../avr/lib/avr5\libm.a(fp_zero.o)
 .text          0x00000000        0x0 d:/atmel/7.0/toolchain/avr8/avr8-gnu-toolchain/bin/../lib/gcc/avr/5.4.0/../../../../avr/lib/avr5\libm.a(mulsf3.o)
 .data          0x00000000        0x0 d:/atmel/7.0/toolchain/avr8/avr8-gnu-toolchain/bin/../lib/gcc/avr/5.4.0/../../../../avr/lib/avr5\libm.a(mulsf3.o)
 .bss           0x00000000        0x0 d:/atmel/7.0/toolchain/avr8/avr8-gnu-toolchain/bin/../lib/gcc/avr/5.4.0/../../../../avr/lib/avr5\libm.a(mulsf3.o)
 .text.avr-libc.fplib
                0x00000000        0x8 d:/atmel/7.0/toolchain/avr8/avr8-gnu-toolchain/bin/../lib/gcc/avr/5.4.0/../../../../avr/lib/avr5\libm.a(mulsf3.o)
 .text          0x00000000        0x0 d:/atmel/7.0/toolchain/avr8/avr8-gnu-toolchain/bin/../lib/gcc/avr/5.4.0/../../../../avr/lib/avr5\libm.a(mulsf3x.o)
 .data          0x00000000        0x0 d:/atmel/7.0/toolchain/avr8/avr8-gnu-toolchain/bin/../lib/gcc/avr/5.4.0/../../../../avr/lib/avr5\libm.a(mulsf3x.o)
 .bss           0x00000000        0x0 d:/atmel/7.0/toolchain/avr8/avr8-gnu-toolchain/bin/../lib/gcc/avr/5.4.0/../../../../avr/lib/avr5\libm.a(mulsf3x.o)
 .text.avr-libc.fplib
                0x00000000       0xd2 d:/atmel/7.0/toolchain/avr8/avr8-gnu-toolchain/bin/../lib/gcc/avr/5.4.0/../../../../avr/lib/avr5\libm.a(mulsf3x.o)
 .text          0x00000000        0x0 d:/atmel/7.0/toolchain/avr8/avr8-gnu-toolchain/bin/../lib/gcc/avr/5.4.0/avr5\libgcc.a(_mulsi3.o)
 .data          0x00000000        0x0 d:/atmel/7.0/toolchain/avr8/avr8-gnu-toolchain/bin/../lib/gcc/avr/5.4.0/avr5\libgcc.a(_mulsi3.o)
 .bss           0x00000000        0x0 d:/atmel/7.0/toolchain/avr8/avr8-gnu-toolchain/bin/../lib/gcc/avr/5.4.0/avr5\libgcc.a(_mulsi3.o)
 .text.libgcc.div
                0x00000000        0x0 d:/atmel/7.0/toolchain/avr8/avr8-gnu-toolchain/bin/../lib/gcc/avr/5.4.0/avr5\libgcc.a(_mulsi3.o)
 .text.libgcc   0x00000000        0x0 d:/atmel/7.0/toolchain/avr8/avr8-gnu-toolchain/bin/../lib/gcc/avr/5.4.0/avr5\libgcc.a(_mulsi3.o)
 .text.libgcc.prologue
                0x00000000        0x0 d:/atmel/7.0/toolchain/avr8/avr8-gnu-toolchain/bin/../lib/gcc/avr/5.4.0/avr5\libgcc.a(_mulsi3.o)
 .text.libgcc.builtins
                0x00000000        0x0 d:/atmel/7.0/toolchain/avr8/avr8-gnu-toolchain/bin/../lib/gcc/avr/5.4.0/avr5\libgcc.a(_mulsi3.o)
 .text.libgcc.fmul
                0x00000000        0x0 d:/atmel/7.0/toolchain/avr8/avr8-gnu-toolchain/bin/../lib/gcc/avr/5.4.0/avr5\libgcc.a(_mulsi3.o)
 .text.libgcc.fixed
                0x00000000        0x0 d:/atmel/7.0/toolchain/avr8/avr8-gnu-toolchain/bin/../lib/gcc/avr/5.4.0/avr5\libgcc.a(_mulsi3.o)
 .text          0x00000000        0x0 d:/atmel/7.0/toolchain/avr8/avr8-gnu-toolchain/bin/../lib/gcc/avr/5.4.0/avr5\libgcc.a(_divmodsi4.o)
 .data          0x00000000        0x0 d:/atmel/7.0/toolchain/avr8/avr8-gnu-toolchain/bin/../lib/gcc/avr/5.4.0/avr5\libgcc.a(_divmodsi4.o)
 .bss           0x00000000        0x0 d:/atmel/7.0/toolchain/avr8/avr8-gnu-toolchain/bin/../lib/gcc/avr/5.4.0/avr5\libgcc.a(_divmodsi4.o)
 .text.libgcc.mul
                0x00000000        0x0 d:/atmel/7.0/toolchain/avr8/avr8-gnu-toolchain/bin/../lib/gcc/avr/5.4.0/avr5\libgcc.a(_divmodsi4.o)
 .text.libgcc.div
                0x00000000       0x2e d:/atmel/7.0/toolchain/avr8/avr8-gnu-toolchain/bin/../lib/gcc/avr/5.4.0/avr5\libgcc.a(_divmodsi4.o)
 .text.libgcc   0x00000000        0x0 d:/atmel/7.0/toolchain/avr8/avr8-gnu-toolchain/bin/../lib/gcc/avr/5.4.0/avr5\libgcc.a(_divmodsi4.o)
 .text.libgcc.prologue
                0x00000000        0x0 d:/atmel/7.0/toolchain/avr8/avr8-gnu-toolchain/bin/../lib/gcc/avr/5.4.0/avr5\libgcc.a(_divmodsi4.o)
 .text.libgcc.builtins
                0x00000000        0x0 d:/atmel/7.0/toolchain/avr8/avr8-gnu-toolchain/bin/../lib/gcc/avr/5.4.0/avr5\libgcc.a(_divmodsi4.o)
 .text.libgcc.fmul
                0x00000000        0x0 d:/atmel/7.0/toolchain/avr8/avr8-gnu-toolchain/bin/../lib/gcc/avr/5.4.0/avr5\libgcc.a(_divmodsi4.o)
 .text.libgcc.fixed
                0x00000000        0x0 d:/atmel/7.0/toolchain/avr8/avr8-gnu-toolchain/bin/../lib/gcc/avr/5.4.0/avr5\libgcc.a(_divmodsi4.o)
 .text          0x00000000        0x0 d:/atmel/7.0/toolchain/avr8/avr8-gnu-toolchain/bin/../lib/gcc/avr/5.4.0/avr5\libgcc.a(_negsi2.o)
 .data          0x00000000        0x0 d:/atmel/7.0/toolchain/avr8/avr8-gnu-toolchain/bin/../lib/gcc/avr/5.4.0/avr5\libgcc.a(_negsi2.o)
 .bss           0x00000000        0x0 d:/atmel/7.0/toolchain/avr8/avr8-gnu-toolchain/bin/../lib/gcc/avr/5.4.0/avr5\libgcc.a(_negsi2.o)
 .text.libgcc.mul
                0x00000000        0x0 d:/atmel/7.0/toolchain/avr8/avr8-gnu-toolchain/bin/../lib/gcc/avr/5.4.0/avr5\libgcc.a(_negsi2.o)
 .text.libgcc.div
                0x00000000       0x10 d:/atmel/7.0/toolchain/avr8/avr8-gnu-toolchain/bin/../lib/gcc/avr/5.4.0/avr5\libgcc.a(_negsi2.o)
 .text.libgcc   0x00000000        0x0 d:/atmel/7.0/toolchain/avr8/avr8-gnu-toolchain/bin/../lib/gcc/avr/5.4.0/avr5\libgcc.a(_negsi2.o)
 .text.libgcc.prologue
                0x00000000        0x0 d:/atmel/7.0/toolchain/avr8/avr8-gnu-toolchain/bin/../lib/gcc/avr/5.4.0/avr5\libgcc.a(_negsi2.o)
 .text.libgcc.builtins
                0x00000000        0x0 d:/atmel/7.0/toolchain/avr8/avr8-gnu-toolchain/bin/../lib/gcc/avr/5.4.0/avr5\libgcc.a(_negsi2.o)
 .text.libgcc.fmul
                0x00000000        0x0 d:/atmel/7.0/toolchain/avr8/avr8-gnu-toolchain/bin/../lib/gcc/avr/5.4.0/avr5\libgcc.a(_negsi2.o)
 .text.libgcc.fixed
                0x00000000        0x0 d:/atmel/7.0/toolchain/avr8/avr8-gnu-toolchain/bin/../lib/gcc/avr/5.4.0/avr5\libgcc.a(_negsi2.o)
 .text          0x00000000        0x0 d:/atmel/7.0/toolchain/avr8/avr8-gnu-toolchain/bin/../lib/gcc/avr/5.4.0/avr5\libgcc.a(_exit.o)
 .data          0x00000000        0x0 d:/atmel/7.0/toolchain/avr8/avr8-gnu-toolchain/bin/../lib/gcc/avr/5.4.0/avr5\libgcc.a(_exit.o)
 .bss           0x00000000        0x0 d:/atmel/7.0/toolchain/avr8/avr8-gnu-toolchain/bin/../lib/gcc/avr/5.4.0/avr5\libgcc.a(_exit.o)
 .text.libgcc.mul
                0x00000000        0x0 d:/atmel/7.0/toolchain/avr8/avr8-gnu-toolchain/bin/../lib/gcc/avr/5.4.0/avr5\libgcc.a(_exit.o)
 .text.libgcc.div
                0x00000000        0x0 d:/atmel/7.0/toolchain/avr8/avr8-gnu-toolchain/bin/../lib/gcc/avr/5.4.0/avr5\libgcc.a(_exit.o)
 .text.libgcc   0x00000000        0x0 d:/atmel/7.0/toolchain/avr8/avr8-gnu-toolchain/bin/../lib/gcc/avr/5.4.0/avr5\libgcc.a(_exit.o)
 .text.libgcc.prologue
                0x00000000        0x0 d:/atmel/7.0/toolchain/avr8/avr8-gnu-toolchain/bin/../lib/gcc/avr/5.4.0/avr5\libgcc.a(_exit.o)
 .text.libgcc.builtins
                0x00000000        0x0 d:/atmel/7.0/toolchain/avr8/avr8-gnu-toolchain/bin/../lib/gcc/avr/5.4.0/avr5\libgcc.a(_exit.o)
 .text.libgcc.fmul
                0x00000000        0x0 d:/atmel/7.0/toolchain/avr8/avr8-gnu-toolchain/bin/../lib/gcc/avr/5.4.0/avr5\libgcc.a(_exit.o)
 .text.libgcc.fixed
                0x00000000        0x0 d:/atmel/7.0/toolchain/avr8/avr8-gnu-toolchain/bin/../lib/gcc/avr/5.4.0/avr5\libgcc.a(_exit.o)
 .text          0x00000000        0x0 d:/atmel/7.0/toolchain/avr8/avr8-gnu-toolchain/bin/../lib/gcc/avr/5.4.0/avr5\libgcc.a(_copy_data.o)
 .data          0x00000000        0x0 d:/atmel/7.0/toolchain/avr8/avr8-gnu-toolchain/bin/../lib/gcc/avr/5.4.0/avr5\libgcc.a(_copy_data.o)
 .bss           0x00000000        0x0 d:/atmel/7.0/toolchain/avr8/avr8-gnu-toolchain/bin/../lib/gcc/avr/5.4.0/avr5\libgcc.a(_copy_data.o)
 .text.libgcc.mul
                0x00000000        0x0 d:/atmel/7.0/toolchain/avr8/avr8-gnu-toolchain/bin/../lib/gcc/avr/5.4.0/avr5\libgcc.a(_copy_data.o)
 .text.libgcc.div
                0x00000000        0x0 d:/atmel/7.0/toolchain/avr8/avr8-gnu-toolchain/bin/../lib/gcc/avr/5.4.0/avr5\libgcc.a(_copy_data.o)
 .text.libgcc   0x00000000        0x0 d:/atmel/7.0/toolchain/avr8/avr8-gnu-toolchain/bin/../lib/gcc/avr/5.4.0/avr5\libgcc.a(_copy_data.o)
 .text.libgcc.prologue
                0x00000000        0x0 d:/atmel/7.0/toolchain/avr8/avr8-gnu-toolchain/bin/../lib/gcc/avr/5.4.0/avr5\libgcc.a(_copy_data.o)
 .text.libgcc.builtins
                0x00000000        0x0 d:/atmel/7.0/toolchain/avr8/avr8-gnu-toolchain/bin/../lib/gcc/avr/5.4.0/avr5\libgcc.a(_copy_data.o)
 .text.libgcc.fmul
                0x00000000        0x0 d:/atmel/7.0/toolchain/avr8/avr8-gnu-toolchain/bin/../lib/gcc/avr/5.4.0/avr5\libgcc.a(_copy_data.o)
 .text.libgcc.fixed
                0x00000000        0x0 d:/atmel/7.0/toolchain/avr8/avr8-gnu-toolchain/bin/../lib/gcc/avr/5.4.0/avr5\libgcc.a(_copy_data.o)
 .text          0x00000000        0x0 d:/atmel/7.0/toolchain/avr8/avr8-gnu-toolchain/bin/../lib/gcc/avr/5.4.0/avr5\libgcc.a(_clear_bss.o)
 .data          0x00000000        0x0 d:/atmel/7.0/toolchain/avr8/avr8-gnu-toolchain/bin/../lib/gcc/avr/5.4.0/avr5\libgcc.a(_clear_bss.o)
 .bss           0x00000000        0x0 d:/atmel/7.0/toolchain/avr8/avr8-gnu-toolchain/bin/../lib/gcc/avr/5.4.0/avr5\libgcc.a(_clear_bss.o)
 .text.libgcc.mul
                0x00000000        0x0 d:/atmel/7.0/toolchain/avr8/avr8-gnu-toolchain/bin/../lib/gcc/avr/5.4.0/avr5\libgcc.a(_clear_bss.o)
 .text.libgcc.div
                0x00000000        0x0 d:/atmel/7.0/toolchain/avr8/avr8-gnu-toolchain/bin/../lib/gcc/avr/5.4.0/avr5\libgcc.a(_clear_bss.o)
 .text.libgcc   0x00000000        0x0 d:/atmel/7.0/toolchain/avr8/avr8-gnu-toolchain/bin/../lib/gcc/avr/5.4.0/avr5\libgcc.a(_clear_bss.o)
 .text.libgcc.prologue
                0x00000000        0x0 d:/atmel/7.0/toolchain/avr8/avr8-gnu-toolchain/bin/../lib/gcc/avr/5.4.0/avr5\libgcc.a(_clear_bss.o)
 .text.libgcc.builtins
                0x00000000        0x0 d:/atmel/7.0/toolchain/avr8/avr8-gnu-toolchain/bin/../lib/gcc/avr/5.4.0/avr5\libgcc.a(_clear_bss.o)
 .text.libgcc.fmul
                0x00000000        0x0 d:/atmel/7.0/toolchain/avr8/avr8-gnu-toolchain/bin/../lib/gcc/avr/5.4.0/avr5\libgcc.a(_clear_bss.o)
 .text.libgcc.fixed
                0x00000000        0x0 d:/atmel/7.0/toolchain/avr8/avr8-gnu-toolchain/bin/../lib/gcc/avr/5.4.0/avr5\libgcc.a(_clear_bss.o)
 .text          0x00000000        0x0 d:/atmel/7.0/toolchain/avr8/avr8-gnu-toolchain/bin/../lib/gcc/avr/5.4.0/avr5\libgcc.a(_umulhisi3.o)
 .data          0x00000000        0x0 d:/atmel/7.0/toolchain/avr8/avr8-gnu-toolchain/bin/../lib/gcc/avr/5.4.0/avr5\libgcc.a(_umulhisi3.o)
 .bss           0x00000000        0x0 d:/atmel/7.0/toolchain/avr8/avr8-gnu-toolchain/bin/../lib/gcc/avr/5.4.0/avr5\libgcc.a(_umulhisi3.o)
 .text.libgcc.div
                0x00000000        0x0 d:/atmel/7.0/toolchain/avr8/avr8-gnu-toolchain/bin/../lib/gcc/avr/5.4.0/avr5\libgcc.a(_umulhisi3.o)
 .text.libgcc   0x00000000        0x0 d:/atmel/7.0/toolchain/avr8/avr8-gnu-toolchain/bin/../lib/gcc/avr/5.4.0/avr5\libgcc.a(_umulhisi3.o)
 .text.libgcc.prologue
                0x00000000        0x0 d:/atmel/7.0/toolchain/avr8/avr8-gnu-toolchain/bin/../lib/gcc/avr/5.4.0/avr5\libgcc.a(_umulhisi3.o)
 .text.libgcc.builtins
                0x00000000        0x0 d:/atmel/7.0/toolchain/avr8/avr8-gnu-toolchain/bin/../lib/gcc/avr/5.4.0/avr5\libgcc.a(_umulhisi3.o)
 .text.libgcc.fmul
                0x00000000        0x0 d:/atmel/7.0/toolchain/avr8/avr8-gnu-toolchain/bin/../lib/gcc/avr/5.4.0/avr5\libgcc.a(_umulhisi3.o)
 .text.libgcc.fixed
                0x00000000        0x0 d:/atmel/7.0/toolchain/avr8/avr8-gnu-toolchain/bin/../lib/gcc/avr/5.4.0/avr5\libgcc.a(_umulhisi3.o)
 .text          0x00000000        0x0 d:/atmel/7.0/toolchain/avr8/avr8-gnu-toolchain/bin/../lib/gcc/avr/5.4.0/avr5\libgcc.a(_muluhisi3.o)
 .data          0x00000000        0x0 d:/atmel/7.0/toolchain/avr8/avr8-gnu-toolchain/bin/../lib/gcc/avr/5.4.0/avr5\libgcc.a(_muluhisi3.o)
 .bss           0x00000000        0x0 d:/atmel/7.0/toolchain/avr8/avr8-gnu-toolchain/bin/../lib/gcc/avr/5.4.0/avr5\libgcc.a(_muluhisi3.o)
 .text.libgcc.div
                0x00000000        0x0 d:/atmel/7.0/toolchain/avr8/avr8-gnu-toolchain/bin/../lib/gcc/avr/5.4.0/avr5\libgcc.a(_muluhisi3.o)
 .text.libgcc   0x00000000        0x0 d:/atmel/7.0/toolchain/avr8/avr8-gnu-toolchain/bin/../lib/gcc/avr/5.4.0/avr5\libgcc.a(_muluhisi3.o)
 .text.libgcc.prologue
                0x00000000        0x0 d:/atmel/7.0/toolchain/avr8/avr8-gnu-toolchain/bin/../lib/gcc/avr/5.4.0/avr5\libgcc.a(_muluhisi3.o)
 .text.libgcc.builtins
                0x00000000        0x0 d:/atmel/7.0/toolchain/avr8/avr8-gnu-toolchain/bin/../lib/gcc/avr/5.4.0/avr5\libgcc.a(_muluhisi3.o)
 .text.libgcc.fmul
                0x00000000        0x0 d:/atmel/7.0/toolchain/avr8/avr8-gnu-toolchain/bin/../lib/gcc/avr/5.4.0/avr5\libgcc.a(_muluhisi3.o)
 .text.libgcc.fixed
                0x00000000        0x0 d:/atmel/7.0/toolchain/avr8/avr8-gnu-toolchain/bin/../lib/gcc/avr/5.4.0/avr5\libgcc.a(_muluhisi3.o)
 .text          0x00000000        0x0 d:/atmel/7.0/toolchain/avr8/avr8-gnu-toolchain/bin/../lib/gcc/avr/5.4.0/avr5\libgcc.a(_udivmodsi4.o)
 .data          0x00000000        0x0 d:/atmel/7.0/toolchain/avr8/avr8-gnu-toolchain/bin/../lib/gcc/avr/5.4.0/avr5\libgcc.a(_udivmodsi4.o)
 .bss           0x00000000        0x0 d:/atmel/7.0/toolchain/avr8/avr8-gnu-toolchain/bin/../lib/gcc/avr/5.4.0/avr5\libgcc.a(_udivmodsi4.o)
 .text.libgcc.mul
                0x00000000        0x0 d:/atmel/7.0/toolchain/avr8/avr8-gnu-toolchain/bin/../lib/gcc/avr/5.4.0/avr5\libgcc.a(_udivmodsi4.o)
 .text.libgcc   0x00000000        0x0 d:/atmel/7.0/toolchain/avr8/avr8-gnu-toolchain/bin/../lib/gcc/avr/5.4.0/avr5\libgcc.a(_udivmodsi4.o)
 .text.libgcc.prologue
                0x00000000        0x0 d:/atmel/7.0/toolchain/avr8/avr8-gnu-toolchain/bin/../lib/gcc/avr/5.4.0/avr5\libgcc.a(_udivmodsi4.o)
 .text.libgcc.builtins
                0x00000000        0x0 d:/atmel/7.0/toolchain/avr8/avr8-gnu-toolchain/bin/../lib/gcc/avr/5.4.0/avr5\libgcc.a(_udivmodsi4.o)
 .text.libgcc.fmul
                0x00000000        0x0 d:/atmel/7.0/toolchain/avr8/avr8-gnu-toolchain/bin/../lib/gcc/avr/5.4.0/avr5\libgcc.a(_udivmodsi4.o)
 .text.libgcc.fixed
                0x00000000        0x0 d:/atmel/7.0/toolchain/avr8/avr8-gnu-toolchain/bin/../lib/gcc/avr/5.4.0/avr5\libgcc.a(_udivmodsi4.o)
 .text          0x00000000        0x0 d:/atmel/7.0/toolchain/avr8/avr8-gnu-toolchain/bin/../lib/gcc/avr/5.4.0/../../../../avr/lib/avr5\libc.a(strtol.o)
 .data          0x00000000        0x0 d:/atmel/7.0/toolchain/avr8/avr8-gnu-toolchain/bin/../lib/gcc/avr/5.4.0/../../../../avr/lib/avr5\libc.a(strtol.o)
 .bss           0x00000000        0x0 d:/atmel/7.0/toolchain/avr8/avr8-gnu-toolchain/bin/../lib/gcc/avr/5.4.0/../../../../avr/lib/avr5\libc.a(strtol.o)
 .text          0x00000000        0x0 d:/atmel/7.0/toolchain/avr8/avr8-gnu-toolchain/bin/../lib/gcc/avr/5.4.0/../../../../avr/lib/avr5\libc.a(isspace.o)
 .data          0x00000000        0x0 d:/atmel/7.0/toolchain/avr8/avr8-gnu-toolchain/bin/../lib/gcc/avr/5.4.0/../../../../avr/lib/avr5\libc.a(isspace.o)
 .bss           0x00000000        0x0 d:/atmel/7.0/toolchain/avr8/avr8-gnu-toolchain/bin/../lib/gcc/avr/5.4.0/../../../../avr/lib/avr5\libc.a(isspace.o)
 .text          0x00000000        0x0 d:/atmel/7.0/toolchain/avr8/avr8-gnu-toolchain/bin/../lib/gcc/avr/5.4.0/../../../../avr/lib/avr5\libc.a(printf.o)
 .data          0x00000000        0x0 d:/atmel/7.0/toolchain/avr8/avr8-gnu-toolchain/bin/../lib/gcc/avr/5.4.0/../../../../avr/lib/avr5\libc.a(printf.o)
 .bss           0x00000000        0x0 d:/atmel/7.0/toolchain/avr8/avr8-gnu-toolchain/bin/../lib/gcc/avr/5.4.0/../../../../avr/lib/avr5\libc.a(printf.o)
 .text          0x00000000        0x0 d:/atmel/7.0/toolchain/avr8/avr8-gnu-toolchain/bin/../lib/gcc/avr/5.4.0/../../../../avr/lib/avr5\libc.a(sprintf.o)
 .data          0x00000000        0x0 d:/atmel/7.0/toolchain/avr8/avr8-gnu-toolchain/bin/../lib/gcc/avr/5.4.0/../../../../avr/lib/avr5\libc.a(sprintf.o)
 .bss           0x00000000        0x0 d:/atmel/7.0/toolchain/avr8/avr8-gnu-toolchain/bin/../lib/gcc/avr/5.4.0/../../../../avr/lib/avr5\libc.a(sprintf.o)
 .text          0x00000000        0x0 d:/atmel/7.0/toolchain/avr8/avr8-gnu-toolchain/bin/../lib/gcc/avr/5.4.0/../../../../avr/lib/avr5\libc.a(vfprintf_std.o)
 .data          0x00000000        0x0 d:/atmel/7.0/toolchain/avr8/avr8-gnu-toolchain/bin/../lib/gcc/avr/5.4.0/../../../../avr/lib/avr5\libc.a(vfprintf_std.o)
 .bss           0x00000000        0x0 d:/atmel/7.0/toolchain/avr8/avr8-gnu-toolchain/bin/../lib/gcc/avr/5.4.0/../../../../avr/lib/avr5\libc.a(vfprintf_std.o)
 .text          0x00000000        0x0 d:/atmel/7.0/toolchain/avr8/avr8-gnu-toolchain/bin/../lib/gcc/avr/5.4.0/../../../../avr/lib/avr5\libc.a(errno.o)
 .data          0x00000000        0x0 d:/atmel/7.0/toolchain/avr8/avr8-gnu-toolchain/bin/../lib/gcc/avr/5.4.0/../../../../avr/lib/avr5\libc.a(errno.o)
 .bss           0x00000000        0x0 d:/atmel/7.0/toolchain/avr8/avr8-gnu-toolchain/bin/../lib/gcc/avr/5.4.0/../../../../avr/lib/avr5\libc.a(errno.o)
 .text          0x00000000        0x0 d:/atmel/7.0/toolchain/avr8/avr8-gnu-toolchain/bin/../lib/gcc/avr/5.4.0/../../../../avr/lib/avr5\libc.a(cty_isfalse.o)
 .data          0x00000000        0x0 d:/atmel/7.0/toolchain/avr8/avr8-gnu-toolchain/bin/../lib/gcc/avr/5.4.0/../../../../avr/lib/avr5\libc.a(cty_isfalse.o)
 .bss           0x00000000        0x0 d:/atmel/7.0/toolchain/avr8/avr8-gnu-toolchain/bin/../lib/gcc/avr/5.4.0/../../../../avr/lib/avr5\libc.a(cty_isfalse.o)
 .text          0x00000000        0x0 d:/atmel/7.0/toolchain/avr8/avr8-gnu-toolchain/bin/../lib/gcc/avr/5.4.0/../../../../avr/lib/avr5\libc.a(strnlen_P.o)
 .data          0x00000000        0x0 d:/atmel/7.0/toolchain/avr8/avr8-gnu-toolchain/bin/../lib/gcc/avr/5.4.0/../../../../avr/lib/avr5\libc.a(strnlen_P.o)
 .bss           0x00000000        0x0 d:/atmel/7.0/toolchain/avr8/avr8-gnu-toolchain/bin/../lib/gcc/avr/5.4.0/../../../../avr/lib/avr5\libc.a(strnlen_P.o)
 .text          0x00000000        0x0 d:/atmel/7.0/toolchain/avr8/avr8-gnu-toolchain/bin/../lib/gcc/avr/5.4.0/../../../../avr/lib/avr5\libc.a(strnlen.o)
 .data          0x00000000        0x0 d:/atmel/7.0/toolchain/avr8/avr8-gnu-toolchain/bin/../lib/gcc/avr/5.4.0/../../../../avr/lib/avr5\libc.a(strnlen.o)
 .bss           0x00000000        0x0 d:/atmel/7.0/toolchain/avr8/avr8-gnu-toolchain/bin/../lib/gcc/avr/5.4.0/../../../../avr/lib/avr5\libc.a(strnlen.o)
 .text          0x00000000        0x0 d:/atmel/7.0/toolchain/avr8/avr8-gnu-toolchain/bin/../lib/gcc/avr/5.4.0/../../../../avr/lib/avr5\libc.a(fputc.o)
 .data          0x00000000        0x0 d:/atmel/7.0/toolchain/avr8/avr8-gnu-toolchain/bin/../lib/gcc/avr/5.4.0/../../../../avr/lib/avr5\libc.a(fputc.o)
 .bss           0x00000000        0x0 d:/atmel/7.0/toolchain/avr8/avr8-gnu-toolchain/bin/../lib/gcc/avr/5.4.0/../../../../avr/lib/avr5\libc.a(fputc.o)
 .text          0x00000000        0x0 d:/atmel/7.0/toolchain/avr8/avr8-gnu-toolchain/bin/../lib/gcc/avr/5.4.0/../../../../avr/lib/avr5\libc.a(iob.o)
 .data          0x00000000        0x0 d:/atmel/7.0/toolchain/avr8/avr8-gnu-toolchain/bin/../lib/gcc/avr/5.4.0/../../../../avr/lib/avr5\libc.a(iob.o)
 .bss           0x00000000        0x0 d:/atmel/7.0/toolchain/avr8/avr8-gnu-toolchain/bin/../lib/gcc/avr/5.4.0/../../../../avr/lib/avr5\libc.a(iob.o)
 .text          0x00000000        0x0 d:/atmel/7.0/toolchain/avr8/avr8-gnu-toolchain/bin/../lib/gcc/avr/5.4.0/../../../../avr/lib/avr5\libc.a(ultoa_invert.o)
 .data          0x00000000        0x0 d:/atmel/7.0/toolchain/avr8/avr8-gnu-toolchain/bin/../lib/gcc/avr/5.4.0/../../../../avr/lib/avr5\libc.a(ultoa_invert.o)
 .bss           0x00000000        0x0 d:/atmel/7.0/toolchain/avr8/avr8-gnu-toolchain/bin/../lib/gcc/avr/5.4.0/../../../../avr/lib/avr5\libc.a(ultoa_invert.o)
 .text          0x00000000        0x0 d:/atmel/7.0/toolchain/avr8/avr8-gnu-toolchain/bin/../lib/gcc/avr/5.4.0/avr5\libgcc.a(_prologue.o)
 .data          0x00000000        0x0 d:/atmel/7.0/toolchain/avr8/avr8-gnu-toolchain/bin/../lib/gcc/avr/5.4.0/avr5\libgcc.a(_prologue.o)
 .bss           0x00000000        0x0 d:/atmel/7.0/toolchain/avr8/avr8-gnu-toolchain/bin/../lib/gcc/avr/5.4.0/avr5\libgcc.a(_prologue.o)
 .text.libgcc.mul
                0x00000000        0x0 d:/atmel/7.0/toolchain/avr8/avr8-gnu-toolchain/bin/../lib/gcc/avr/5.4.0/avr5\libgcc.a(_prologue.o)
 .text.libgcc.div
                0x00000000        0x0 d:/atmel/7.0/toolchain/avr8/avr8-gnu-toolchain/bin/../lib/gcc/avr/5.4.0/avr5\libgcc.a(_prologue.o)
 .text.libgcc   0x00000000        0x0 d:/atmel/7.0/toolchain/avr8/avr8-gnu-toolchain/bin/../lib/gcc/avr/5.4.0/avr5\libgcc.a(_prologue.o)
 .text.libgcc.builtins
                0x00000000        0x0 d:/atmel/7.0/toolchain/avr8/avr8-gnu-toolchain/bin/../lib/gcc/avr/5.4.0/avr5\libgcc.a(_prologue.o)
 .text.libgcc.fmul
                0x00000000        0x0 d:/atmel/7.0/toolchain/avr8/avr8-gnu-toolchain/bin/../lib/gcc/avr/5.4.0/avr5\libgcc.a(_prologue.o)
 .text.libgcc.fixed
                0x00000000        0x0 d:/atmel/7.0/toolchain/avr8/avr8-gnu-toolchain/bin/../lib/gcc/avr/5.4.0/avr5\libgcc.a(_prologue.o)
 .text          0x00000000        0x0 d:/atmel/7.0/toolchain/avr8/avr8-gnu-toolchain/bin/../lib/gcc/avr/5.4.0/avr5\libgcc.a(_epilogue.o)
 .data          0x00000000        0x0 d:/atmel/7.0/toolchain/avr8/avr8-gnu-toolchain/bin/../lib/gcc/avr/5.4.0/avr5\libgcc.a(_epilogue.o)
 .bss           0x00000000        0x0 d:/atmel/7.0/toolchain/avr8/avr8-gnu-toolchain/bin/../lib/gcc/avr/5.4.0/avr5\libgcc.a(_epilogue.o)
 .text.libgcc.mul
                0x00000000        0x0 d:/atmel/7.0/toolchain/avr8/avr8-gnu-toolchain/bin/../lib/gcc/avr/5.4.0/avr5\libgcc.a(_epilogue.o)
 .text.libgcc.div
                0x00000000        0x0 d:/atmel/7.0/toolchain/avr8/avr8-gnu-toolchain/bin/../lib/gcc/avr/5.4.0/avr5\libgcc.a(_epilogue.o)
 .text.libgcc   0x00000000        0x0 d:/atmel/7.0/toolchain/avr8/avr8-gnu-toolchain/bin/../lib/gcc/avr/5.4.0/avr5\libgcc.a(_epilogue.o)
 .text.libgcc.builtins
                0x00000000        0x0 d:/atmel/7.0/toolchain/avr8/avr8-gnu-toolchain/bin/../lib/gcc/avr/5.4.0/avr5\libgcc.a(_epilogue.o)
 .text.libgcc.fmul
                0x00000000        0x0 d:/atmel/7.0/toolchain/avr8/avr8-gnu-toolchain/bin/../lib/gcc/avr/5.4.0/avr5\libgcc.a(_epilogue.o)
 .text.libgcc.fixed
                0x00000000        0x0 d:/atmel/7.0/toolchain/avr8/avr8-gnu-toolchain/bin/../lib/gcc/avr/5.4.0/avr5\libgcc.a(_epilogue.o)

Memory Configuration

Name             Origin             Length             Attributes
text             0x00000000         0x00008000         xr
data             0x00800060         0x00000800         rw !x
eeprom           0x00810000         0x00000400         rw !x
fuse             0x00820000         0x00000002         rw !x
lock             0x00830000         0x00000400         rw !x
signature        0x00840000         0x00000400         rw !x
user_signatures  0x00850000         0x00000400         rw !x
*default*        0x00000000         0xffffffff

Linker script and memory map

LOAD D:/Atmel/7.0/Packs/atmel/ATmega_DFP/1.7.374/gcc/dev/atmega32/avr5/crtatmega32.o
LOAD main.o
LOAD TX/Hal/lcd.o
LOAD TX/Lib/stack.o
LOAD TX/Lib/UART_Service.o
LOAD TX/Mcal/dio.o
LOAD TX/Mcal/dio_cfg.o
LOAD TX/Mcal/exi.o
LOAD TX/Mcal/uart.o
LOAD TX/Mcal/uart_cfg.o
START GROUP
LOAD d:/atmel/7.0/toolchain/avr8/avr8-gnu-toolchain/bin/../lib/gcc/avr/5.4.0/../../../../avr/lib/avr5\libm.a
END GROUP
START GROUP
LOAD d:/atmel/7.0/toolchain/avr8/avr8-gnu-toolchain/bin/../lib/gcc/avr/5.4.0/avr5\libgcc.a
LOAD d:/atmel/7.0/toolchain/avr8/avr8-gnu-toolchain/bin/../lib/gcc/avr/5.4.0/../../../../avr/lib/avr5\libm.a
LOAD d:/atmel/7.0/toolchain/avr8/avr8-gnu-toolchain/bin/../lib/gcc/avr/5.4.0/../../../../avr/lib/avr5\libc.a
LOAD D:/Atmel/7.0/Packs/atmel/ATmega_DFP/1.7.374/gcc/dev/atmega32/avr5\libatmega32.a
END GROUP
                0x00000000                __TEXT_REGION_ORIGIN__ = DEFINED (__TEXT_REGION_ORIGIN__)?__TEXT_REGION_ORIGIN__:0x0
                [0x00800060]                __DATA_REGION_ORIGIN__ = DEFINED (__DATA_REGION_ORIGIN__)?__DATA_REGION_ORIGIN__:0x800060
                [0x00008000]                __TEXT_REGION_LENGTH__ = DEFINED (__TEXT_REGION_LENGTH__)?__TEXT_REGION_LENGTH__:0x20000
                [0x00000800]                __DATA_REGION_LENGTH__ = DEFINED (__DATA_REGION_LENGTH__)?__DATA_REGION_LENGTH__:0xffa0
                [0x00000400]                __EEPROM_REGION_LENGTH__ = DEFINED (__EEPROM_REGION_LENGTH__)?__EEPROM_REGION_LENGTH__:0x10000
                [0x00000002]                __FUSE_REGION_LENGTH__ = DEFINED (__FUSE_REGION_LENGTH__)?__FUSE_REGION_LENGTH__:0x400
                0x00000400                __LOCK_REGION_LENGTH__ = DEFINED (__LOCK_REGION_LENGTH__)?__LOCK_REGION_LENGTH__:0x400
                0x00000400                __SIGNATURE_REGION_LENGTH__ = DEFINED (__SIGNATURE_REGION_LENGTH__)?__SIGNATURE_REGION_LENGTH__:0x400
                0x00000400                __USER_SIGNATURE_REGION_LENGTH__ = DEFINED (__USER_SIGNATURE_REGION_LENGTH__)?__USER_SIGNATURE_REGION_LENGTH__:0x400

.hash
 *(.hash)

.dynsym
 *(.dynsym)

.dynstr
 *(.dynstr)

.gnu.version
 *(.gnu.version)

.gnu.version_d
 *(.gnu.version_d)

.gnu.version_r
 *(.gnu.version_r)

.rel.init
 *(.rel.init)

.rela.init
 *(.rela.init)

.rel.text
 *(.rel.text)
 *(.rel.text.*)
 *(.rel.gnu.linkonce.t*)

.rela.text
 *(.rela.text)
 *(.rela.text.*)
 *(.rela.gnu.linkonce.t*)

.rel.fini
 *(.rel.fini)

.rela.fini
 *(.rela.fini)

.rel.rodata
 *(.rel.rodata)
 *(.rel.rodata.*)
 *(.rel.gnu.linkonce.r*)

.rela.rodata
 *(.rela.rodata)
 *(.rela.rodata.*)
 *(.rela.gnu.linkonce.r*)

.rel.data
 *(.rel.data)
 *(.rel.data.*)
 *(.rel.gnu.linkonce.d*)

.rela.data
 *(.rela.data)
 *(.rela.data.*)
 *(.rela.gnu.linkonce.d*)

.rel.ctors
 *(.rel.ctors)

.rela.ctors
 *(.rela.ctors)

.rel.dtors
 *(.rel.dtors)

.rela.dtors
 *(.rela.dtors)

.rel.got
 *(.rel.got)

.rela.got
 *(.rela.got)

.rel.bss
 *(.rel.bss)

.rela.bss
 *(.rela.bss)

.rel.plt
 *(.rel.plt)

.rela.plt
 *(.rela.plt)

.text           0x00000000     0x15c2
 *(.vectors)
 .vectors       0x00000000       0x54 D:/Atmel/7.0/Packs/atmel/ATmega_DFP/1.7.374/gcc/dev/atmega32/avr5/crtatmega32.o
                0x00000000                __vector_default
                0x00000000                __vectors
 *(.vectors)
 *(.progmem.gcc*)
                0x00000054                . = ALIGN (0x2)
                0x00000054                __trampolines_start = .
 *(.trampolines)
 .trampolines   0x00000054        0x0 linker stubs
 *(.trampolines*)
                0x00000054                __trampolines_end = .
 *libprintf_flt.a:*(.progmem.data)
 *libc.a:*(.progmem.data)
 *(.progmem*)
                0x00000054                . = ALIGN (0x2)
 *(.jumptables)
 *(.jumptables*)
 *(.lowtext)
 *(.lowtext*)
                0x00000054                __ctors_start = .
 *(.ctors)
                0x00000054                __ctors_end = .
                0x00000054                __dtors_start = .
 *(.dtors)
                0x00000054                __dtors_end = .
 SORT(*)(.ctors)
 SORT(*)(.dtors)
 *(.init0)
 .init0         0x00000054        0x0 D:/Atmel/7.0/Packs/atmel/ATmega_DFP/1.7.374/gcc/dev/atmega32/avr5/crtatmega32.o
                0x00000054                __init
 *(.init0)
 *(.init1)
 *(.init1)
 *(.init2)
 .init2         0x00000054        0xc D:/Atmel/7.0/Packs/atmel/ATmega_DFP/1.7.374/gcc/dev/atmega32/avr5/crtatmega32.o
 *(.init2)
 *(.init3)
 *(.init3)
 *(.init4)
 .init4         0x00000060       0x16 d:/atmel/7.0/toolchain/avr8/avr8-gnu-toolchain/bin/../lib/gcc/avr/5.4.0/avr5\libgcc.a(_copy_data.o)
                0x00000060                __do_copy_data
 .init4         0x00000076       0x10 d:/atmel/7.0/toolchain/avr8/avr8-gnu-toolchain/bin/../lib/gcc/avr/5.4.0/avr5\libgcc.a(_clear_bss.o)
                0x00000076                __do_clear_bss
 *(.init4)
 *(.init5)
 *(.init5)
 *(.init6)
 *(.init6)
 *(.init7)
 *(.init7)
 *(.init8)
 *(.init8)
 *(.init9)
 .init9         0x00000086        0x8 D:/Atmel/7.0/Packs/atmel/ATmega_DFP/1.7.374/gcc/dev/atmega32/avr5/crtatmega32.o
 *(.init9)
 *(.text)
 .text          0x0000008e        0x4 D:/Atmel/7.0/Packs/atmel/ATmega_DFP/1.7.374/gcc/dev/atmega32/avr5/crtatmega32.o
                0x0000008e                __vector_12
                0x0000008e                __bad_interrupt
                0x0000008e                __vector_6
                0x0000008e                __vector_11
                0x0000008e                __vector_17
                0x0000008e                __vector_19
                0x0000008e                __vector_7
                0x0000008e                __vector_5
                0x0000008e                __vector_4
                0x0000008e                __vector_9
                0x0000008e                __vector_8
                0x0000008e                __vector_14
                0x0000008e                __vector_10
                0x0000008e                __vector_16
                0x0000008e                __vector_18
                0x0000008e                __vector_20
                0x00000092                . = ALIGN (0x2)
 *(.text.*)
 .text.gen_num  0x00000092       0x88 main.o
                0x00000092                gen_num
 .text.f1       0x0000011a       0x56 main.o
                0x0000011a                f1
 .text.main     0x00000170      0x26e main.o
                0x00000170                main
 .text.WriteIns
                0x000003de       0xc0 TX/Hal/lcd.o
 .text.WriteData
                0x0000049e       0xc0 TX/Hal/lcd.o
 .text.LCD_Init
                0x0000055e       0x3e TX/Hal/lcd.o
                0x0000055e                LCD_Init
 .text.LCD_WriteChar
                0x0000059c        0x6 TX/Hal/lcd.o
                0x0000059c                LCD_WriteChar
 .text.LCD_WriteString
                0x000005a2       0x26 TX/Hal/lcd.o
                0x000005a2                LCD_WriteString
 .text.LCD_SetCursor
                0x000005c8       0x1c TX/Hal/lcd.o
                0x000005c8                LCD_SetCursor
 .text.LCD_Clear
                0x000005e4       0x14 TX/Hal/lcd.o
                0x000005e4                LCD_Clear
 .text.LCD_WriteHexlong
                0x000005f8       0x5c TX/Hal/lcd.o
                0x000005f8                LCD_WriteHexlong
 .text.LCD_WriteHex
                0x00000654       0x5a TX/Hal/lcd.o
                0x00000654                LCD_WriteHex
 .text.DIO_initpin
                0x000006ae      0x222 TX/Mcal/dio.o
                0x000006ae                DIO_initpin
 .text.DIO_Init_All
                0x000008d0       0x20 TX/Mcal/dio.o
                0x000008d0                DIO_Init_All
 .text.DIO_writepin
                0x000008f0      0x12a TX/Mcal/dio.o
                0x000008f0                DIO_writepin
 .text.__vector_1
                0x00000a1a       0x52 TX/Mcal/exi.o
                0x00000a1a                __vector_1
 .text.__vector_2
                0x00000a6c       0x52 TX/Mcal/exi.o
                0x00000a6c                __vector_2
 .text.__vector_3
                0x00000abe       0x52 TX/Mcal/exi.o
                0x00000abe                __vector_3
 .text.UART_Init
                0x00000b10       0x4a TX/Mcal/uart.o
                0x00000b10                UART_Init
 .text.UART_RX_InterruptEnable
                0x00000b5a        0x8 TX/Mcal/uart.o
                0x00000b5a                UART_RX_InterruptEnable
 .text.UART_RX_SetCallBack
                0x00000b62        0xa TX/Mcal/uart.o
                0x00000b62                UART_RX_SetCallBack
 .text.UART_RecieveByteNoBlock
                0x00000b6c        0x8 TX/Mcal/uart.o
                0x00000b6c                UART_RecieveByteNoBlock
 .text.__vector_13
                0x00000b74       0x52 TX/Mcal/uart.o
                0x00000b74                __vector_13
 .text.__vector_15
                0x00000bc6       0x52 TX/Mcal/uart.o
                0x00000bc6                __vector_15
 .text.UART_RX_FUN
                0x00000c18       0x24 TX/Mcal/uart.o
                0x00000c18                UART_RX_FUN
 .text.UART_ReceiveStringAshync_V3
                0x00000c3c       0xa6 TX/Mcal/uart.o
                0x00000c3c                UART_ReceiveStringAshync_V3
 .text.libgcc.mul
                0x00000ce2       0x20 d:/atmel/7.0/toolchain/avr8/avr8-gnu-toolchain/bin/../lib/gcc/avr/5.4.0/avr5\libgcc.a(_mulsi3.o)
                0x00000ce2                __mulsi3
 .text.libgcc.mul
                0x00000d02       0x1e d:/atmel/7.0/toolchain/avr8/avr8-gnu-toolchain/bin/../lib/gcc/avr/5.4.0/avr5\libgcc.a(_umulhisi3.o)
                0x00000d02                __umulhisi3
 .text.libgcc.mul
                0x00000d20       0x16 d:/atmel/7.0/toolchain/avr8/avr8-gnu-toolchain/bin/../lib/gcc/avr/5.4.0/avr5\libgcc.a(_muluhisi3.o)
                0x00000d20                __muluhisi3
 .text.libgcc.div
                0x00000d36       0x44 d:/atmel/7.0/toolchain/avr8/avr8-gnu-toolchain/bin/../lib/gcc/avr/5.4.0/avr5\libgcc.a(_udivmodsi4.o)
                0x00000d36                __udivmodsi4
 .text.avr-libc
                0x00000d7a      0x22c d:/atmel/7.0/toolchain/avr8/avr8-gnu-toolchain/bin/../lib/gcc/avr/5.4.0/../../../../avr/lib/avr5\libc.a(strtol.o)
                0x00000d7a                strtol
 .text.avr-libc
                0x00000fa6       0x12 d:/atmel/7.0/toolchain/avr8/avr8-gnu-toolchain/bin/../lib/gcc/avr/5.4.0/../../../../avr/lib/avr5\libc.a(isspace.o)
                0x00000fa6                isspace
 .text.avr-libc
                0x00000fb8       0x2c d:/atmel/7.0/toolchain/avr8/avr8-gnu-toolchain/bin/../lib/gcc/avr/5.4.0/../../../../avr/lib/avr5\libc.a(printf.o)
                0x00000fb8                printf
 .text.avr-libc
                0x00000fe4       0x44 d:/atmel/7.0/toolchain/avr8/avr8-gnu-toolchain/bin/../lib/gcc/avr/5.4.0/../../../../avr/lib/avr5\libc.a(sprintf.o)
                0x00000fe4                sprintf
 .text.avr-libc
                0x00001028      0x3c2 d:/atmel/7.0/toolchain/avr8/avr8-gnu-toolchain/bin/../lib/gcc/avr/5.4.0/../../../../avr/lib/avr5\libc.a(vfprintf_std.o)
                0x00001028                vfprintf
 .text.avr-libc
                0x000013ea        0x6 d:/atmel/7.0/toolchain/avr8/avr8-gnu-toolchain/bin/../lib/gcc/avr/5.4.0/../../../../avr/lib/avr5\libc.a(cty_isfalse.o)
                0x000013ea                __ctype_isfalse
                0x000013ee                __ctype_istrue
 .text.avr-libc
                0x000013f0       0x16 d:/atmel/7.0/toolchain/avr8/avr8-gnu-toolchain/bin/../lib/gcc/avr/5.4.0/../../../../avr/lib/avr5\libc.a(strnlen_P.o)
                0x000013f0                strnlen_P
 .text.avr-libc
                0x00001406       0x16 d:/atmel/7.0/toolchain/avr8/avr8-gnu-toolchain/bin/../lib/gcc/avr/5.4.0/../../../../avr/lib/avr5\libc.a(strnlen.o)
                0x00001406                strnlen
 .text.avr-libc
                0x0000141c       0x78 d:/atmel/7.0/toolchain/avr8/avr8-gnu-toolchain/bin/../lib/gcc/avr/5.4.0/../../../../avr/lib/avr5\libc.a(fputc.o)
                0x0000141c                fputc
 .text.avr-libc
                0x00001494       0xbc d:/atmel/7.0/toolchain/avr8/avr8-gnu-toolchain/bin/../lib/gcc/avr/5.4.0/../../../../avr/lib/avr5\libc.a(ultoa_invert.o)
                0x00001494                __ultoa_invert
 .text.libgcc.prologue
                0x00001550       0x38 d:/atmel/7.0/toolchain/avr8/avr8-gnu-toolchain/bin/../lib/gcc/avr/5.4.0/avr5\libgcc.a(_prologue.o)
                0x00001550                __prologue_saves__
 .text.libgcc.prologue
                0x00001588       0x36 d:/atmel/7.0/toolchain/avr8/avr8-gnu-toolchain/bin/../lib/gcc/avr/5.4.0/avr5\libgcc.a(_epilogue.o)
                0x00001588                __epilogue_restores__
                0x000015be                . = ALIGN (0x2)
 *(.fini9)
 .fini9         0x000015be        0x0 d:/atmel/7.0/toolchain/avr8/avr8-gnu-toolchain/bin/../lib/gcc/avr/5.4.0/avr5\libgcc.a(_exit.o)
                0x000015be                _exit
                0x000015be                exit
 *(.fini9)
 *(.fini8)
 *(.fini8)
 *(.fini7)
 *(.fini7)
 *(.fini6)
 *(.fini6)
 *(.fini5)
 *(.fini5)
 *(.fini4)
 *(.fini4)
 *(.fini3)
 *(.fini3)
 *(.fini2)
 *(.fini2)
 *(.fini1)
 *(.fini1)
 *(.fini0)
 .fini0         0x000015be        0x4 d:/atmel/7.0/toolchain/avr8/avr8-gnu-toolchain/bin/../lib/gcc/avr/5.4.0/avr5\libgcc.a(_exit.o)
 *(.fini0)
                0x000015c2                _etext = .

.data           0x00800060       0xaa load address 0x000015c2
                0x00800060                PROVIDE (__data_start, .)
 *(.data)
 *(.data*)
 .data.i.2373   0x00800060        0x4 main.o
 .data.routine  0x00800064        0x2 main.o
                0x00800064                routine
 .data.enc_rec  0x00800066        0x2 main.o
                0x00800066                enc_rec
 .data.enc_send
                0x00800068        0x2 main.o
                0x00800068                enc_send
 .data.securty_ans
                0x0080006a        0x2 main.o
                0x0080006a                securty_ans
 .data.securty_req
                0x0080006c        0x2 main.o
                0x0080006c                securty_req
 .data.service_send
                0x0080006e        0x2 main.o
                0x0080006e                service_send
 .data.random_num
                0x00800070        0x4 main.o
                0x00800070                random_num
 .data.key      0x00800074        0x4 main.o
                0x00800074                key
 *(.gnu.linkonce.d*)
 *(.rodata)
 *(.rodata*)
 .rodata.str1.1
                0x00800078       0x50 main.o
                                 0x53 (size before relaxing)
 .rodata.str1.1
                0x008000c8        0x9 TX/Hal/lcd.o
 .rodata.PinsStatusArray
                0x008000d1       0x20 TX/Mcal/dio_cfg.o
                0x008000d1                PinsStatusArray
 .rodata.str1.1
                0x008000f1        0x4 TX/Mcal/uart.o
 .rodata.UART_cfg
                0x008000f1       0x18 TX/Mcal/uart_cfg.o
                0x008000f1                UART_cfg
 *(.gnu.linkonce.r*)
                0x0080010a                . = ALIGN (0x2)
 *fill*         0x00800109        0x1 
                0x0080010a                _edata = .
                0x0080010a                PROVIDE (__data_end, .)

.bss            0x0080010a       0xa9
                0x0080010a                PROVIDE (__bss_start, .)
 *(.bss)
 *(.bss*)
 .bss.Rec_C.2398
                0x0080010a        0x2 main.o
 .bss.Total_C   0x0080010c        0x1 main.o
                0x0080010c                Total_C
 .bss.INT2_Fptr
                0x0080010d        0x2 TX/Mcal/exi.o
 .bss.INT1_Fptr
                0x0080010f        0x2 TX/Mcal/exi.o
 .bss.INT0_Fptr
                0x00800111        0x2 TX/Mcal/exi.o
 .bss.u8StringCounter.1940
                0x00800113        0x1 TX/Mcal/uart.o
 .bss.u8ReceiveCounter.1941
                0x00800114        0x1 TX/Mcal/uart.o
 .bss.i.1928    0x00800115        0x1 TX/Mcal/uart.o
 .bss.UART_TX_Fptr
                0x00800116        0x2 TX/Mcal/uart.o
 .bss.UART_RX_Fptr
                0x00800118        0x2 TX/Mcal/uart.o
 .bss.RX_flag   0x0080011a        0x1 TX/Mcal/uart.o
                0x0080011a                RX_flag
 *(COMMON)
 COMMON         0x0080011b       0x64 main.o
                0x0080011b                data
 COMMON         0x0080017f       0x2c TX/Mcal/uart.o
                0x0080017f                u8_g_TX_STR
                0x00800193                u8_g_RX_STR
                0x008001a7                Pu8_g_RX_STR
                0x008001a9                Pu8_g_TX_STR
 COMMON         0x008001ab        0x2 d:/atmel/7.0/toolchain/avr8/avr8-gnu-toolchain/bin/../lib/gcc/avr/5.4.0/../../../../avr/lib/avr5\libc.a(errno.o)
                0x008001ab                errno
 COMMON         0x008001ad        0x6 d:/atmel/7.0/toolchain/avr8/avr8-gnu-toolchain/bin/../lib/gcc/avr/5.4.0/../../../../avr/lib/avr5\libc.a(iob.o)
                0x008001ad                __iob
                0x008001b3                PROVIDE (__bss_end, .)
                0x000015c2                __data_load_start = LOADADDR (.data)
                0x0000166c                __data_load_end = (__data_load_start + SIZEOF (.data))

.noinit         0x008001b3        0x0
                [!provide]                PROVIDE (__noinit_start, .)
 *(.noinit*)
                [!provide]                PROVIDE (__noinit_end, .)
                0x008001b3                _end = .
                [!provide]                PROVIDE (__heap_start, .)

.eeprom         0x00810000        0x0
 *(.eeprom*)
                0x00810000                __eeprom_end = .

.fuse
 *(.fuse)
 *(.lfuse)
 *(.hfuse)
 *(.efuse)

.lock
 *(.lock*)

.signature
 *(.signature*)

.user_signatures
 *(.user_signatures*)

.stab
 *(.stab)

.stabstr
 *(.stabstr)

.stab.excl
 *(.stab.excl)

.stab.exclstr
 *(.stab.exclstr)

.stab.index
 *(.stab.index)

.stab.indexstr
 *(.stab.indexstr)

.comment        0x00000000       0x5c
 *(.comment)
 .comment       0x00000000       0x30 main.o
                                 0x31 (size before relaxing)
 .comment       0x00000030       0x31 TX/Hal/lcd.o
 .comment       0x00000030       0x31 TX/Mcal/dio.o
 .comment       0x00000030       0x31 TX/Mcal/dio_cfg.o
 .comment       0x00000030       0x31 TX/Mcal/exi.o
 .comment       0x00000030       0x31 TX/Mcal/uart.o
 .comment       0x00000030       0x31 TX/Mcal/uart_cfg.o
 .comment       0x00000030       0x31 d:/atmel/7.0/toolchain/avr8/avr8-gnu-toolchain/bin/../lib/gcc/avr/5.4.0/../../../../avr/lib/avr5\libc.a(strtol.o)
 .comment       0x00000030       0x31 d:/atmel/7.0/toolchain/avr8/avr8-gnu-toolchain/bin/../lib/gcc/avr/5.4.0/../../../../avr/lib/avr5\libc.a(printf.o)
 .comment       0x00000030       0x31 d:/atmel/7.0/toolchain/avr8/avr8-gnu-toolchain/bin/../lib/gcc/avr/5.4.0/../../../../avr/lib/avr5\libc.a(sprintf.o)
 .comment       0x00000030       0x2c d:/atmel/7.0/toolchain/avr8/avr8-gnu-toolchain/bin/../lib/gcc/avr/5.4.0/../../../../avr/lib/avr5\libc.a(vfprintf_std.o)
                                 0x2d (size before relaxing)
 .comment       0x0000005c       0x2d d:/atmel/7.0/toolchain/avr8/avr8-gnu-toolchain/bin/../lib/gcc/avr/5.4.0/../../../../avr/lib/avr5\libc.a(errno.o)
 .comment       0x0000005c       0x31 d:/atmel/7.0/toolchain/avr8/avr8-gnu-toolchain/bin/../lib/gcc/avr/5.4.0/../../../../avr/lib/avr5\libc.a(fputc.o)
 .comment       0x0000005c       0x31 d:/atmel/7.0/toolchain/avr8/avr8-gnu-toolchain/bin/../lib/gcc/avr/5.4.0/../../../../avr/lib/avr5\libc.a(iob.o)

.note.gnu.avr.deviceinfo
                0x00000000       0x3c
 .note.gnu.avr.deviceinfo
                0x00000000       0x3c D:/Atmel/7.0/Packs/atmel/ATmega_DFP/1.7.374/gcc/dev/atmega32/avr5/crtatmega32.o

.note.gnu.build-id
 *(.note.gnu.build-id)

.debug
 *(.debug)

.line
 *(.line)

.debug_srcinfo
 *(.debug_srcinfo)

.debug_sfnames
 *(.debug_sfnames)

.debug_aranges  0x00000000      0x270
 *(.debug_aranges)
 .debug_aranges
                0x00000000       0x30 main.o
 .debug_aranges
                0x00000030       0x98 TX/Hal/lcd.o
 .debug_aranges
                0x000000c8       0x48 TX/Mcal/dio.o
 .debug_aranges
                0x00000110       0x18 TX/Mcal/dio_cfg.o
 .debug_aranges
                0x00000128       0x58 TX/Mcal/exi.o
 .debug_aranges
                0x00000180       0xd8 TX/Mcal/uart.o
 .debug_aranges
                0x00000258       0x18 TX/Mcal/uart_cfg.o

.debug_pubnames
 *(.debug_pubnames)

.debug_info     0x00000000     0x2e17
 *(.debug_info .gnu.linkonce.wi.*)
 .debug_info    0x00000000      0x4e6 D:/Atmel/7.0/Packs/atmel/ATmega_DFP/1.7.374/gcc/dev/atmega32/avr5/crtatmega32.o
 .debug_info    0x000004e6      0x6e9 main.o
 .debug_info    0x00000bcf      0xde4 TX/Hal/lcd.o
 .debug_info    0x000019b3      0x483 TX/Mcal/dio.o
 .debug_info    0x00001e36      0x1a2 TX/Mcal/dio_cfg.o
 .debug_info    0x00001fd8      0x279 TX/Mcal/exi.o
 .debug_info    0x00002251      0x957 TX/Mcal/uart.o
 .debug_info    0x00002ba8      0x26f TX/Mcal/uart_cfg.o

.debug_abbrev   0x00000000      0xefa
 *(.debug_abbrev)
 .debug_abbrev  0x00000000      0x4a3 D:/Atmel/7.0/Packs/atmel/ATmega_DFP/1.7.374/gcc/dev/atmega32/avr5/crtatmega32.o
 .debug_abbrev  0x000004a3      0x197 main.o
 .debug_abbrev  0x0000063a      0x26e TX/Hal/lcd.o
 .debug_abbrev  0x000008a8      0x152 TX/Mcal/dio.o
 .debug_abbrev  0x000009fa       0x75 TX/Mcal/dio_cfg.o
 .debug_abbrev  0x00000a6f       0xe4 TX/Mcal/exi.o
 .debug_abbrev  0x00000b53      0x321 TX/Mcal/uart.o
 .debug_abbrev  0x00000e74       0x86 TX/Mcal/uart_cfg.o

.debug_line     0x00000000     0x14bb
 *(.debug_line .debug_line.* .debug_line_end)
 .debug_line    0x00000000      0x116 D:/Atmel/7.0/Packs/atmel/ATmega_DFP/1.7.374/gcc/dev/atmega32/avr5/crtatmega32.o
 .debug_line    0x00000116      0x2cc main.o
 .debug_line    0x000003e2      0x5ac TX/Hal/lcd.o
 .debug_line    0x0000098e      0x45a TX/Mcal/dio.o
 .debug_line    0x00000de8       0x3b TX/Mcal/dio_cfg.o
 .debug_line    0x00000e23      0x235 TX/Mcal/exi.o
 .debug_line    0x00001058      0x422 TX/Mcal/uart.o
 .debug_line    0x0000147a       0x41 TX/Mcal/uart_cfg.o

.debug_frame    0x00000000      0x698
 *(.debug_frame)
 .debug_frame   0x00000000       0x7c main.o
 .debug_frame   0x0000007c      0x1f8 TX/Hal/lcd.o
 .debug_frame   0x00000274       0x7c TX/Mcal/dio.o
 .debug_frame   0x000002f0      0x16c TX/Mcal/exi.o
 .debug_frame   0x0000045c      0x23c TX/Mcal/uart.o

.debug_str      0x00000000      0xe39
 *(.debug_str)
 .debug_str     0x00000000      0x196 D:/Atmel/7.0/Packs/atmel/ATmega_DFP/1.7.374/gcc/dev/atmega32/avr5/crtatmega32.o
 .debug_str     0x00000196      0x344 main.o
                                0x38e (size before relaxing)
 .debug_str     0x000004da      0x26e TX/Hal/lcd.o
                                0x44d (size before relaxing)
 .debug_str     0x00000748      0x10d TX/Mcal/dio.o
                                0x39e (size before relaxing)
 .debug_str     0x00000855       0x15 TX/Mcal/dio_cfg.o
                                0x29e (size before relaxing)
 .debug_str     0x0000086a      0x117 TX/Mcal/exi.o
                                0x299 (size before relaxing)
 .debug_str     0x00000981      0x4a2 TX/Mcal/uart.o
                                0x789 (size before relaxing)
 .debug_str     0x00000e23       0x16 TX/Mcal/uart_cfg.o
                                0x3a5 (size before relaxing)

.debug_loc      0x00000000     0x1f53
 *(.debug_loc)
 .debug_loc     0x00000000      0x2fd main.o
 .debug_loc     0x000002fd      0xa9a TX/Hal/lcd.o
 .debug_loc     0x00000d97      0x976 TX/Mcal/dio.o
 .debug_loc     0x0000170d      0x422 TX/Mcal/exi.o
 .debug_loc     0x00001b2f      0x424 TX/Mcal/uart.o

.debug_macinfo
 *(.debug_macinfo)

.debug_weaknames
 *(.debug_weaknames)

.debug_funcnames
 *(.debug_funcnames)

.debug_typenames
 *(.debug_typenames)

.debug_varnames
 *(.debug_varnames)

.debug_pubtypes
 *(.debug_pubtypes)

.debug_ranges   0x00000000      0x1f0
 *(.debug_ranges)
 .debug_ranges  0x00000000       0x20 main.o
 .debug_ranges  0x00000020       0x88 TX/Hal/lcd.o
 .debug_ranges  0x000000a8       0x38 TX/Mcal/dio.o
 .debug_ranges  0x000000e0       0x48 TX/Mcal/exi.o
 .debug_ranges  0x00000128       0xc8 TX/Mcal/uart.o

.debug_macro
 *(.debug_macro)
OUTPUT(Cyber Security.elf elf32-avr)
LOAD linker stubs
